// Jest Snapshot v1, https://goo.gl/fbAQLP

exports[`GridPattern renders grid pattern 1`] = `
<svg
  className="dm-grid"
  xmlns="http://www.w3.org/2000/svg"
>
  <defs>
    <pattern
      height={10}
      id="dm-grid-smallpattern"
      patternUnits="userSpaceOnUse"
      width={10}
    >
      <path
        d="M 10 0 L 0 0 0 10"
        strokeWidth="0.5"
      />
    </pattern>
    <pattern
      height={100}
      id="dm-grid-pattern"
      patternUnits="userSpaceOnUse"
      width={100}
    >
      <rect
        fill="url(#dm-grid-smallpattern)"
        height={100}
        width={100}
      />
      <path
        d="M 100 0 L 0 0 0 100"
        strokeWidth="1"
      />
    </pattern>
  </defs>
  <rect
    fill="url(#dm-grid-pattern)"
    height="100%"
    width="100%"
  />
</svg>
`;
