// Jest Snapshot v1, https://goo.gl/fbAQLP

exports[`PotentialNode renders at the given position and size 1`] = `
<div
  className="dm-potential-node"
  data-event-target={true}
  data-id="mockPotentialNodeId"
  data-type="DiagramMaker.PotentialNode"
  style={
    Object {
      "height": 300,
      "transform": "translate3d(400px, 600px, 0)",
      "width": 200,
    }
  }
>
  <ComposeView
    destroyCallback={[MockFunction]}
    renderCallback={[MockFunction]}
  />
</div>
`;
