// Jest Snapshot v1, https://goo.gl/fbAQLP

exports[`ConnectedView connects View component to redux store 1`] = `
<Provider
  value={
    Object {
      "store": Object {
        "@@observable": [Function],
        "dispatch": [Function],
        "getState": [Function],
        "replaceReducer": [Function],
        "subscribe": [Function],
      },
      "subscription": Object {
        "addNestedSub": [Function],
        "getListeners": [Function],
        "handleChangeWrapper": [Function],
        "isSubscribed": [Function],
        "notifyNestedSubs": [Function],
        "onStateChange": [Function],
        "trySubscribe": [Function],
        "tryUnsubscribe": [Function],
      },
    }
  }
>
  <Connect(View)
    configService={
      Object {
        "mockConfigService": [MockFunction],
      }
    }
  />
</Provider>
`;
