// Jest Snapshot v1, https://goo.gl/fbAQLP

exports[`ContextMenu renders at the given position and size 1`] = `
<div
  className="dm-context-menu"
  data-type="DiagramMaker.ContextMenu"
  style={
    Object {
      "transform": "translate3d(400px, 600px, 0)",
    }
  }
>
  <ComposeView
    destroyCallback={[MockFunction]}
    renderCallback={[MockFunction]}
  />
</div>
`;
